[2026-02-04 10:08:29] [WARNING] El monitor de inactividad ya está en ejecución
[2026-02-04 10:09:30] [WARNING] El monitor de inactividad ya está en ejecución
[2026-02-04 10:26:52] [WARNING] El monitor de inactividad ya está en ejecución
[2026-02-10 09:33:19] [WARNING] El monitor de inactividad ya está en ejecución
[2026-02-10 09:34:47] [WARNING] El monitor de inactividad ya está en ejecución
[2026-02-10 09:34:47] [ERROR] ERROR CRÍTICO en WebServer: La dirección ya se está usando
[2026-02-10 09:34:47] [WARNING] El monitor de inactividad no está en ejecución
[2026-02-10 09:34:51] [WARNING] El monitor de inactividad ya está en ejecución
[2026-02-10 09:34:51] [ERROR] ERROR CRÍTICO en WebServer: La dirección ya se está usando
[2026-02-10 09:34:51] [WARNING] El monitor de inactividad no está en ejecución
[2026-02-10 09:36:07] [WARNING] El monitor de inactividad ya está en ejecución
[2026-02-10 09:36:07] [ERROR] ERROR CRÍTICO en WebServer: La dirección ya se está usando
[2026-02-10 09:36:07] [WARNING] El monitor de inactividad no está en ejecución
[2026-02-10 09:36:16] [WARNING] El monitor de inactividad ya está en ejecución
[2026-02-10 09:36:16] [ERROR] ERROR CRÍTICO en WebServer: La dirección ya se está usando
[2026-02-10 09:36:16] [WARNING] El monitor de inactividad no está en ejecución
[2026-02-10 09:36:57] [WARNING] El monitor de inactividad ya está en ejecución
[2026-02-10 09:36:57] [ERROR] ERROR CRÍTICO en WebServer: La dirección ya se está usando
[2026-02-10 09:36:57] [WARNING] El monitor de inactividad no está en ejecución
[2026-02-10 09:37:44] [WARNING] El monitor de inactividad ya está en ejecución
[2026-02-10 09:37:44] [ERROR] ERROR CRÍTICO en WebServer: La dirección ya se está usando
[2026-02-10 09:37:44] [WARNING] El monitor de inactividad no está en ejecución
[2026-02-10 10:00:52] [WARNING] El monitor de inactividad ya está en ejecución
[2026-02-10 10:00:52] [ERROR] ERROR CRÍTICO en WebServer: La dirección ya se está usando
[2026-02-10 10:00:52] [WARNING] El monitor de inactividad no está en ejecución
[2026-02-10 10:03:04] [WARNING] El monitor de inactividad ya está en ejecución
[2026-02-10 10:03:04] [ERROR] ERROR CRÍTICO en WebServer: La dirección ya se está usando
[2026-02-10 10:03:04] [WARNING] El monitor de inactividad no está en ejecución
[2026-02-10 10:08:39] [WARNING] El monitor de inactividad ya está en ejecución
[2026-02-10 10:08:39] [ERROR] ERROR CRÍTICO en WebServer: La dirección ya se está usando
[2026-02-10 10:08:39] [WARNING] El monitor de inactividad no está en ejecución
[2026-02-10 10:08:51] [ERROR] ERROR CRÍTICO en WebServer: La dirección ya se está usando
[2026-02-10 10:08:51] [WARNING] El monitor de inactividad ya está en ejecución
[2026-02-10 10:08:51] [WARNING] El monitor de inactividad no está en ejecución
[2026-02-10 10:11:30] [WARNING] El monitor de inactividad ya está en ejecución
[2026-02-10 10:16:48] [WARNING] El monitor de inactividad ya está en ejecución
[2026-02-10 11:46:37] [ERROR] Mensaje de error simple sin excepción
[2026-02-10 11:46:37] [CRITICAL] Fallo crítico de prueba
[2026-02-10 11:46:37] [INFO] Test de unidad: mensaje de información
[2026-02-10 11:46:37] [WARNING] Test de unidad: advertencia de seguridad
[2026-02-10 11:46:37] [ERROR] Test de unidad: fallo de servidor | Exception: Error simulado para el test
[2026-02-10 11:46:41] [ERROR] Error al insertar inactividad para null: Column 'usuario_id' cannot be null
[2026-02-10 11:46:43] [ERROR] Error al insertar inactividad para USUARIO_INEXISTENTE_TEST: Column 'usuario_id' cannot be null
[2026-02-10 11:46:43] [WARNING] El monitor de inactividad no está en ejecución
[2026-02-10 11:46:43] [WARNING] El monitor de inactividad no está en ejecución
[2026-02-10 11:47:03] [WARNING] El monitor de inactividad ya está en ejecución
[2026-02-10 11:50:03] [WARNING] El monitor de inactividad ya está en ejecución
[2026-02-10 12:01:44] [WARNING] El monitor de inactividad ya está en ejecución
